sweep baseline...
  60.66% (+0.00pts) 7d=0.5814 14d=0.6384
sweep blend_0.04...
  60.85% (+0.19pts) 7d=0.5814 14d=0.6441 *** BEATS 60.66% ***
sweep blend_0.06...
  60.66% (+0.00pts) 7d=0.5698 14d=0.6328
sweep blend_0.07...
  60.75% (+0.09pts) 7d=0.5698 14d=0.6328 *** BEATS 60.66% ***
sweep blend_0.08...
  60.94% (+0.28pts) 7d=0.5698 14d=0.6328 *** BEATS 60.66% ***
sweep refit_30...
  60.66% (+0.00pts) 7d=0.5814 14d=0.6384
sweep refit_45...
  60.66% (+0.00pts) 7d=0.5814 14d=0.6384
sweep current_weight_1.5...
  60.66% (+0.00pts) 7d=0.5814 14d=0.6384
sweep current_weight_1.25...
  60.66% (+0.00pts) 7d=0.5814 14d=0.6384
sweep gb_depth2_lr035...
  60.39% (-0.27pts) 7d=0.5349 14d=0.5989
sweep gb_depth2_n200...
  60.39% (-0.27pts) 7d=0.5349 14d=0.5989
sweep gb_n200...
  59.47% (-1.19pts) 7d=0.5814 14d=0.6384
sweep gb_n200_depth2...
  60.39% (-0.27pts) 7d=0.5349 14d=0.5989
sweep trained_0.95...
  60.48% (-0.18pts) 7d=0.5814 14d=0.6384
sweep trained_1.0...
  60.66% (+0.00pts) 7d=0.5814 14d=0.6384
sweep sharpen_0.75...
  60.66% (+0.00pts) 7d=0.5814 14d=0.6384
sweep sharpen_0.85...
  60.66% (+0.00pts) 7d=0.5814 14d=0.6384
sweep combo_refit30_w125...
  60.66% (+0.00pts) 7d=0.5814 14d=0.6384
sweep combo_blend06_refit30...
  60.66% (+0.00pts) 7d=0.5698 14d=0.6328

Wrote /Users/henryblaney/Desktop/VIP/mlb-edge/data/model/batch-sweep-results.json
BEST: blend_0.08 at 60.94%
