=== cycle 1 ===
model_research cycle=1 config=market_blend_0.085
market_blend_0.085: 61.03% (-0.18pts) high=75.8% med=69.5%
=== cycle 2 ===
model_research cycle=2 config=market_blend_0.092
market_blend_0.092: 61.21% (+0.00pts) high=76.9% med=70.0%
=== cycle 3 ===
model_research cycle=3 config=market_blend_0.095
market_blend_0.095: 61.12% (-0.09pts) high=76.7% med=70.0%
=== cycle 4 ===
model_research cycle=4 config=refit_30
refit_30: 61.21% (+0.00pts) high=77.2% med=69.9%
=== cycle 5 ===
model_research cycle=5 config=refit_90
refit_90: 61.21% (+0.00pts) high=77.2% med=69.9%
=== cycle 6 ===
model_research cycle=6 config=current_weight_1.5
current_weight_1.5: 61.21% (+0.00pts) high=77.2% med=69.9%
=== cycle 7 ===
model_research cycle=7 config=series_penalty_0.10
series_penalty_0.10: 61.21% (+0.00pts) high=77.2% med=69.9%
=== cycle 8 ===
model_research cycle=8 config=series_penalty_0.15
series_penalty_0.15: 61.21% (+0.00pts) high=77.2% med=69.9%
